\BOOKMARK [1][-]{section*.3}{\376\377\116\000\060\001\230\171\166\356\200\314\146\157\116\016\165\333\160\271\122\006\147\220}{}% 1
\BOOKMARK [2][-]{subsection*.5}{\376\377\0001\000.\0001\000\040\230\171\166\356\200\314\146\157}{section*.3}% 2
\BOOKMARK [2][-]{subsection*.7}{\376\377\0001\000.\0002\000\040\165\333\160\271\225\356\230\230}{section*.3}% 3
\BOOKMARK [1][-]{section*.9}{\376\377\116\214\060\001\227\000\154\102\122\006\147\220}{}% 4
\BOOKMARK [2][-]{subsection*.11}{\376\377\0002\000.\0001\000\040\166\356\150\007\165\050\142\067\177\244\117\123}{section*.9}% 5
\BOOKMARK [2][-]{subsection*.13}{\376\377\0002\000.\0002\000\040\122\237\200\375\227\000\154\102}{section*.9}% 6
\BOOKMARK [2][-]{subsection*.15}{\376\377\0002\000.\0003\000\040\227\136\122\237\200\375\227\000\154\102}{section*.9}% 7
\BOOKMARK [1][-]{section*.17}{\376\377\116\011\060\001\137\000\123\321\135\345\121\167\116\016\142\200\147\057\145\271\150\110}{}% 8
\BOOKMARK [2][-]{subsection*.19}{\376\377\0003\000.\0001\000\040\137\000\123\321\135\345\121\167\116\016\163\257\130\203}{section*.17}% 9
\BOOKMARK [2][-]{subsection*.21}{\376\377\0003\000.\0002\000\040\174\373\176\337\147\266\147\204\213\276\213\241}{section*.17}% 10
\BOOKMARK [2][-]{subsection*.23}{\376\377\0003\000.\0003\000\040\150\070\137\303\142\200\147\057\145\271\150\110}{section*.17}% 11
\BOOKMARK [1][-]{section*.28}{\376\377\126\333\060\001\117\134\124\301\122\237\200\375\213\364\146\016\116\016\000\040\000A\000I\000\040\150\070\137\303\117\134\165\050}{}% 12
\BOOKMARK [2][-]{subsection*.30}{\376\377\0004\000.\0001\000\040\145\131\147\120\116\012\117\040\116\016\146\172\200\375\211\343\147\220}{section*.28}% 13
\BOOKMARK [2][-]{subsection*.32}{\376\377\0004\000.\0002\000\040\167\345\213\306\126\376\214\061\165\037\142\020}{section*.28}% 14
\BOOKMARK [2][-]{subsection*.34}{\376\377\0004\000.\0003\000\040\133\146\116\140\213\241\122\022\116\016\146\172\200\375\121\372\230\230}{section*.28}% 15
\BOOKMARK [2][-]{subsection*.36}{\376\377\0004\000.\0004\000\040\143\214\143\341\136\246\167\013\147\177}{section*.28}% 16
\BOOKMARK [2][-]{subsection*.38}{\376\377\0004\000.\0005\000\040\122\033\145\260\122\237\200\375\377\032\116\052\140\047\123\026\133\146\116\140\215\357\137\204\122\250\140\001\214\003\145\164\377\010\000G\000r\000a\000p\000h\000R\000A\000G\377\011}{section*.28}% 17
\BOOKMARK [1][-]{section*.40}{\376\377\116\224\060\001\117\177\165\050\213\364\146\016\116\016\116\244\116\222\143\007\123\127}{}% 18
\BOOKMARK [2][-]{subsection*.42}{\376\377\0005\000.\0001\000\040\145\260\165\050\142\067\121\145\225\350\155\101\172\013}{section*.40}% 19
\BOOKMARK [2][-]{subsection*.44}{\376\377\0005\000.\0002\000\040\150\070\137\303\122\237\200\375\144\315\117\134\143\007\123\127}{section*.40}% 20
\BOOKMARK [1][-]{section*.46}{\376\377\121\155\060\001\136\224\165\050\122\115\146\157\116\016\125\106\116\032\152\041\137\017}{}% 21
\BOOKMARK [2][-]{subsection*.48}{\376\377\0006\000.\0001\000\040\136\224\165\050\122\115\146\157}{section*.46}% 22
\BOOKMARK [2][-]{subsection*.50}{\376\377\0006\000.\0002\000\040\125\106\116\032\152\041\137\017}{section*.46}% 23
\BOOKMARK [1][-]{section*.52}{\376\377\176\323\213\355}{}% 24
